<testsuites id="" name="" tests="0" failures="0" skipped="0" errors="0" time="0.32440399999999997">
</testsuites>